git config --global user.name "khaidnguyen"
git status
git config --global user.email "xxxxx@yahoo.com"
git config --list
git clone https://github.com/khaidnguyen/SSGS.git
git status
# Untracked files: ***.sh

git add ***.sh 
#Initial commit: ***.sh

git commit -m "System Info" ***.sh
git push -u origin master

Username for 'https://github.com': k**d**en
Password for 'https://k*a*dn*u**n@github.com': 


Khais-MBP:SSGS khainguyendk$ pwd
/Users/khainguyendk/Desktop/SSGS/SSGS
Khais-MBP:SSGS khainguyendk$ ls
sys-info.sh
Khais-MBP:SSGS khainguyendk$ git status
On branch master
Initial commit
Untracked files:
  (use "git add <file>..." to include in what will be committed)
	sys-info.sh
nothing added to commit but untracked files present (use "git add" to track)
Khais-MBP:SSGS khainguyendk$ git add sys-info.sh 
Khais-MBP:SSGS khainguyendk$ ls
sys-info.sh
Khais-MBP:SSGS khainguyendk$ git status
On branch master
Initial commit
Changes to be committed:
  (use "git rm --cached <file>..." to unstage)
	new file:   sys-info.sh
Khais-MBP:SSGS khainguyendk$ git commit -m "System Info" sys-info.sh 
[master (root-commit) 073335f] System Info
 1 file changed, 253 insertions(+)
 create mode 100644 sys-info.sh
Khais-MBP:SSGS khainguyendk$ git status
On branch master
Your branch is based on 'origin/master', but the upstream is gone.
  (use "git branch --unset-upstream" to fixup)
nothing to commit, working directory clean
Khais-MBP:SSGS khainguyendk$ git push -u origin master
Username for 'https://github.com': khaidnguyen
Password for 'https://khaidnguyen@github.com': 
Counting objects: 3, done.
Delta compression using up to 4 threads.
Compressing objects: 100% (2/2), done.
Writing objects: 100% (3/3), 2.62 KiB | 0 bytes/s, done.
Total 3 (delta 0), reused 0 (delta 0)
To https://github.com/khaidnguyen/SSGS.git
 * [new branch]      master -> master
Branch master set up to track remote branch master from origin.
Khais-MBP:SSGS khainguyendk$ ls
sys-info.sh
